[2026/03/21 00:12:44.636] - Starting server with initial configuration: {"gasLimit":6721975,"gasPrice":20000000000,"hardfork":"istanbul","hostname":"127.0.0.1","port":7545,"network_id":1337,"default_balance_ether":1000,"total_accounts":10,"unlocked_accounts":[],"locked":false,"vmErrorsOnRPCResponse":true,"verbose":false,"flavor":"ethereum","db_path":"/home/archikiess/.config/Ganache/ui/workspaces/natural-circle/chaindata","mnemonic":"student safe dream deal insect flip still race kiwi athlete obscure phone","logDirectory":"/home/archikiess/Projects/zk proof certifactes/ganache logs"}
[2026/03/21 00:12:44.689] - eth_subscribe
[2026/03/21 00:12:44.690] - eth_getLogs
[2026/03/21 00:12:44.690] - eth_subscribe
[2026/03/21 00:12:44.697] - eth_subscribe
[2026/03/21 00:12:44.697] - eth_getLogs
[2026/03/21 00:12:44.698] - eth_subscribe
[2026/03/21 00:12:44.707] - eth_blockNumber
[2026/03/21 00:12:44.707] - eth_accounts
[2026/03/21 00:12:44.707] - eth_gasPrice
[2026/03/21 00:12:44.707] - eth_getBlockByNumber
[2026/03/21 00:12:44.707] - eth_subscribe
[2026/03/21 00:12:44.718] - eth_getBalance
[2026/03/21 00:12:44.721] - eth_getTransactionCount
[2026/03/21 00:12:44.724] - eth_getBalance
[2026/03/21 00:12:44.726] - eth_getTransactionCount
[2026/03/21 00:12:44.727] - eth_getBalance
[2026/03/21 00:12:44.728] - eth_getTransactionCount
[2026/03/21 00:12:44.730] - eth_getBalance
[2026/03/21 00:12:44.731] - eth_getTransactionCount
[2026/03/21 00:12:44.732] - eth_getBalance
[2026/03/21 00:12:44.733] - eth_getTransactionCount
[2026/03/21 00:12:44.734] - eth_getBalance
[2026/03/21 00:12:44.735] - eth_getTransactionCount
[2026/03/21 00:12:44.737] - eth_getBalance
[2026/03/21 00:12:44.738] - eth_getTransactionCount
[2026/03/21 00:12:44.739] - eth_getBalance
[2026/03/21 00:12:44.740] - eth_getTransactionCount
[2026/03/21 00:12:44.741] - eth_getBalance
[2026/03/21 00:12:44.742] - eth_getTransactionCount
[2026/03/21 00:12:44.743] - eth_getBalance
[2026/03/21 00:12:44.744] - eth_getTransactionCount
[2026/03/21 00:12:44.745] - eth_getBalance
[2026/03/21 00:12:44.746] - eth_getTransactionCount
[2026/03/21 00:12:44.746] - eth_getBalance
[2026/03/21 00:12:44.747] - eth_getTransactionCount
[2026/03/21 00:12:44.749] - eth_getBalance
[2026/03/21 00:12:44.749] - eth_getTransactionCount
[2026/03/21 00:12:44.750] - eth_getBalance
[2026/03/21 00:12:44.751] - eth_getTransactionCount
[2026/03/21 00:12:44.752] - eth_getBalance
[2026/03/21 00:12:44.753] - eth_getTransactionCount
[2026/03/21 00:12:44.754] - eth_getBalance
[2026/03/21 00:12:44.755] - eth_getTransactionCount
[2026/03/21 00:12:44.756] - eth_getBalance
[2026/03/21 00:12:44.757] - eth_getTransactionCount
[2026/03/21 00:12:44.758] - eth_getBalance
[2026/03/21 00:12:44.759] - eth_getTransactionCount
[2026/03/21 00:12:44.759] - eth_getBalance
[2026/03/21 00:12:44.761] - eth_getTransactionCount
[2026/03/21 00:12:44.762] - eth_getBalance
[2026/03/21 00:12:44.762] - eth_getTransactionCount
[2026/03/21 00:12:44.763] - eth_getBlockByNumber
[2026/03/21 00:12:44.763] - eth_subscribe
[2026/03/21 00:12:44.779] - eth_blockNumber
[2026/03/21 00:12:44.779] - eth_accounts
[2026/03/21 00:12:44.780] - eth_gasPrice
[2026/03/21 00:12:44.905] - eth_getBalance
[2026/03/21 00:12:44.906] - eth_getTransactionCount
[2026/03/21 00:12:44.908] - eth_getBalance
[2026/03/21 00:12:44.909] - eth_getTransactionCount
[2026/03/21 00:12:44.910] - eth_getBalance
[2026/03/21 00:12:44.911] - eth_getTransactionCount
[2026/03/21 00:12:44.912] - eth_getBalance
[2026/03/21 00:12:44.913] - eth_getTransactionCount
[2026/03/21 00:12:44.914] - eth_getBalance
[2026/03/21 00:12:44.915] - eth_getTransactionCount
[2026/03/21 00:12:44.916] - eth_getBalance
[2026/03/21 00:12:44.918] - eth_getTransactionCount
[2026/03/21 00:12:44.919] - eth_getBalance
[2026/03/21 00:12:44.920] - eth_getTransactionCount
[2026/03/21 00:12:44.921] - eth_getBalance
[2026/03/21 00:12:44.922] - eth_getTransactionCount
[2026/03/21 00:12:44.923] - eth_getBalance
[2026/03/21 00:12:44.924] - eth_getTransactionCount
[2026/03/21 00:12:44.926] - eth_getBalance
[2026/03/21 00:12:44.927] - eth_getTransactionCount
[2026/03/21 00:12:44.937] - eth_getBalance
[2026/03/21 00:12:44.938] - eth_getTransactionCount
[2026/03/21 00:12:44.939] - eth_getBalance
[2026/03/21 00:12:44.941] - eth_getTransactionCount
[2026/03/21 00:12:44.942] - eth_getBalance
[2026/03/21 00:12:44.943] - eth_getTransactionCount
[2026/03/21 00:12:44.944] - eth_getBalance
[2026/03/21 00:12:44.945] - eth_getTransactionCount
[2026/03/21 00:12:44.946] - eth_getBalance
[2026/03/21 00:12:44.947] - eth_getTransactionCount
[2026/03/21 00:12:44.948] - eth_getBalance
[2026/03/21 00:12:44.949] - eth_getTransactionCount
[2026/03/21 00:12:44.951] - eth_getBalance
[2026/03/21 00:12:44.952] - eth_getTransactionCount
[2026/03/21 00:12:44.953] - eth_getBalance
[2026/03/21 00:12:44.954] - eth_getTransactionCount
[2026/03/21 00:12:44.955] - eth_getBalance
[2026/03/21 00:12:44.956] - eth_getTransactionCount
[2026/03/21 00:12:47.114] - eth_getBlockByNumber
[2026/03/21 00:12:47.122] - eth_getTransactionReceipt
[2026/03/21 00:12:47.129] - eth_getBlockByNumber
[2026/03/21 00:12:47.133] - eth_getTransactionReceipt
[2026/03/21 00:12:47.137] - eth_getBlockByNumber
[2026/03/21 00:12:47.139] - eth_getTransactionReceipt
[2026/03/21 00:12:47.143] - eth_getBlockByNumber
[2026/03/21 00:12:47.146] - eth_getTransactionReceipt
[2026/03/21 00:12:47.150] - eth_getBlockByNumber
[2026/03/21 00:17:03.666] - eth_unsubscribe
[2026/03/21 00:17:03.667] - eth_unsubscribe
