[2026/03/21 00:17:09.972] - Starting server with initial configuration: {"gasLimit":6721975,"gasPrice":20000000000,"hardfork":"istanbul","hostname":"127.0.0.1","port":7545,"network_id":1337,"default_balance_ether":1000,"total_accounts":10,"unlocked_accounts":[],"locked":false,"vmErrorsOnRPCResponse":true,"verbose":false,"flavor":"ethereum","db_path":"/home/archikiess/.config/Ganache/ui/workspaces/natural-circle/chaindata","mnemonic":"student safe dream deal insect flip still race kiwi athlete obscure phone","logDirectory":"/home/archikiess/Projects/zk proof certifactes/ganache logs"}
[2026/03/21 00:17:10.023] - eth_subscribe
[2026/03/21 00:17:10.024] - eth_getLogs
[2026/03/21 00:17:10.024] - eth_subscribe
[2026/03/21 00:17:10.027] - eth_subscribe
[2026/03/21 00:17:10.027] - eth_getLogs
[2026/03/21 00:17:10.028] - eth_subscribe
[2026/03/21 00:17:10.031] - eth_blockNumber
[2026/03/21 00:17:10.032] - eth_accounts
[2026/03/21 00:17:10.032] - eth_gasPrice
[2026/03/21 00:17:10.032] - eth_getBlockByNumber
[2026/03/21 00:17:10.032] - eth_subscribe
[2026/03/21 00:17:10.035] - eth_accounts
[2026/03/21 00:17:10.035] - eth_gasPrice
[2026/03/21 00:17:10.035] - eth_getBlockByNumber
[2026/03/21 00:17:10.035] - eth_subscribe
[2026/03/21 00:17:10.043] - eth_getBalance
[2026/03/21 00:17:10.044] - eth_getTransactionCount
[2026/03/21 00:17:10.045] - eth_getBalance
[2026/03/21 00:17:10.046] - eth_getTransactionCount
[2026/03/21 00:17:10.047] - eth_getBalance
[2026/03/21 00:17:10.048] - eth_getTransactionCount
[2026/03/21 00:17:10.049] - eth_getBalance
[2026/03/21 00:17:10.050] - eth_getTransactionCount
[2026/03/21 00:17:10.051] - eth_getBalance
[2026/03/21 00:17:10.052] - eth_getTransactionCount
[2026/03/21 00:17:10.053] - eth_getBalance
[2026/03/21 00:17:10.054] - eth_getTransactionCount
[2026/03/21 00:17:10.055] - eth_getBalance
[2026/03/21 00:17:10.056] - eth_getTransactionCount
[2026/03/21 00:17:10.057] - eth_getBalance
[2026/03/21 00:17:10.059] - eth_getTransactionCount
[2026/03/21 00:17:10.061] - eth_getBalance
[2026/03/21 00:17:10.062] - eth_getTransactionCount
[2026/03/21 00:17:10.064] - eth_getBalance
[2026/03/21 00:17:10.065] - eth_getTransactionCount
[2026/03/21 00:17:10.066] - eth_getBalance
[2026/03/21 00:17:10.066] - eth_getTransactionCount
[2026/03/21 00:17:10.067] - eth_getBalance
[2026/03/21 00:17:10.068] - eth_getTransactionCount
[2026/03/21 00:17:10.069] - eth_getBalance
[2026/03/21 00:17:10.070] - eth_getTransactionCount
[2026/03/21 00:17:10.070] - eth_getBalance
[2026/03/21 00:17:10.071] - eth_getTransactionCount
[2026/03/21 00:17:10.072] - eth_getBalance
[2026/03/21 00:17:10.073] - eth_getTransactionCount
[2026/03/21 00:17:10.074] - eth_getBalance
[2026/03/21 00:17:10.075] - eth_getTransactionCount
[2026/03/21 00:17:10.076] - eth_getBalance
[2026/03/21 00:17:10.077] - eth_getTransactionCount
[2026/03/21 00:17:10.077] - eth_getBalance
[2026/03/21 00:17:10.078] - eth_getTransactionCount
[2026/03/21 00:17:10.079] - eth_getBalance
[2026/03/21 00:17:10.080] - eth_getTransactionCount
[2026/03/21 00:17:10.081] - eth_getBalance
[2026/03/21 00:17:10.081] - eth_getTransactionCount
[2026/03/21 00:17:10.098] - eth_blockNumber
[2026/03/21 00:17:10.099] - eth_accounts
[2026/03/21 00:17:10.202] - eth_getBalance
[2026/03/21 00:17:10.203] - eth_getTransactionCount
[2026/03/21 00:17:10.204] - eth_getBalance
[2026/03/21 00:17:10.206] - eth_getTransactionCount
[2026/03/21 00:17:10.207] - eth_getBalance
[2026/03/21 00:17:10.208] - eth_getTransactionCount
[2026/03/21 00:17:10.210] - eth_getBalance
[2026/03/21 00:17:10.210] - eth_getTransactionCount
[2026/03/21 00:17:10.211] - eth_getBalance
[2026/03/21 00:17:10.212] - eth_getTransactionCount
[2026/03/21 00:17:10.213] - eth_getBalance
[2026/03/21 00:17:10.214] - eth_getTransactionCount
[2026/03/21 00:17:10.215] - eth_getBalance
[2026/03/21 00:17:10.216] - eth_getTransactionCount
[2026/03/21 00:17:10.216] - eth_getBalance
[2026/03/21 00:17:10.217] - eth_getTransactionCount
[2026/03/21 00:17:10.218] - eth_getBalance
[2026/03/21 00:17:10.219] - eth_getTransactionCount
[2026/03/21 00:17:10.219] - eth_getBalance
[2026/03/21 00:17:10.220] - eth_getTransactionCount
[2026/03/21 00:17:10.229] - eth_getBalance
[2026/03/21 00:17:10.231] - eth_getTransactionCount
[2026/03/21 00:17:10.232] - eth_getBalance
[2026/03/21 00:17:10.234] - eth_getTransactionCount
[2026/03/21 00:17:10.235] - eth_getBalance
[2026/03/21 00:17:10.236] - eth_getTransactionCount
[2026/03/21 00:17:10.236] - eth_getBalance
[2026/03/21 00:17:10.237] - eth_getTransactionCount
[2026/03/21 00:17:10.238] - eth_getBalance
[2026/03/21 00:17:10.239] - eth_getTransactionCount
[2026/03/21 00:17:10.240] - eth_getBalance
[2026/03/21 00:17:10.241] - eth_getTransactionCount
[2026/03/21 00:17:10.241] - eth_getBalance
[2026/03/21 00:17:10.242] - eth_getTransactionCount
[2026/03/21 00:17:10.243] - eth_getBalance
[2026/03/21 00:17:10.244] - eth_getTransactionCount
[2026/03/21 00:20:17.816] - eth_getBlockByNumber
[2026/03/21 00:20:17.820] - eth_getTransactionReceipt
[2026/03/21 00:20:17.825] - eth_getBlockByNumber
[2026/03/21 00:20:17.827] - eth_getTransactionReceipt
[2026/03/21 00:20:17.830] - eth_getBlockByNumber
[2026/03/21 00:20:17.833] - eth_getTransactionReceipt
[2026/03/21 00:20:17.835] - eth_getBlockByNumber
[2026/03/21 00:20:17.838] - eth_getTransactionReceipt
[2026/03/21 00:20:17.841] - eth_getBlockByNumber
[2026/03/21 00:20:24.334] - eth_unsubscribe
[2026/03/21 00:20:24.335] - eth_unsubscribe
