[2026/03/21 10:18:25.595] - Starting server with initial configuration: {"gasLimit":6721975,"gasPrice":20000000000,"hardfork":"istanbul","hostname":"127.0.0.1","port":7545,"network_id":1337,"default_balance_ether":1000,"total_accounts":10,"unlocked_accounts":[],"locked":false,"vmErrorsOnRPCResponse":true,"verbose":false,"flavor":"ethereum","db_path":"/home/archikiess/.config/Ganache/ui/workspaces/natural-circle/chaindata","mnemonic":"student safe dream deal insect flip still race kiwi athlete obscure phone","logDirectory":"/home/archikiess/Projects/zk proof certifactes/ganache logs"}
[2026/03/21 10:18:25.706] - eth_subscribe
[2026/03/21 10:18:25.709] - eth_getLogs
[2026/03/21 10:18:25.710] - eth_subscribe
[2026/03/21 10:18:25.768] - eth_subscribe
[2026/03/21 10:18:25.768] - eth_getLogs
[2026/03/21 10:18:25.769] - eth_subscribe
[2026/03/21 10:18:25.810] - eth_getBlockByNumber
[2026/03/21 10:18:25.813] - eth_subscribe
[2026/03/21 10:18:25.832] - eth_getBlockByNumber
[2026/03/21 10:18:25.832] - eth_subscribe
[2026/03/21 10:18:25.834] - eth_blockNumber
[2026/03/21 10:18:25.834] - eth_accounts
[2026/03/21 10:18:25.834] - eth_gasPrice
[2026/03/21 10:18:25.835] - eth_blockNumber
[2026/03/21 10:18:25.835] - eth_accounts
[2026/03/21 10:18:25.835] - eth_gasPrice
[2026/03/21 10:18:25.874] - eth_getBalance
[2026/03/21 10:18:25.876] - eth_getTransactionCount
[2026/03/21 10:18:25.880] - eth_getBalance
[2026/03/21 10:18:25.883] - eth_getTransactionCount
[2026/03/21 10:18:25.885] - eth_getBalance
[2026/03/21 10:18:25.889] - eth_getTransactionCount
[2026/03/21 10:18:25.892] - eth_getBalance
[2026/03/21 10:18:25.896] - eth_getTransactionCount
[2026/03/21 10:18:25.899] - eth_getBalance
[2026/03/21 10:18:25.903] - eth_getTransactionCount
[2026/03/21 10:18:25.906] - eth_getBalance
[2026/03/21 10:18:25.908] - eth_getTransactionCount
[2026/03/21 10:18:25.910] - eth_getBalance
[2026/03/21 10:18:25.913] - eth_getTransactionCount
[2026/03/21 10:18:25.916] - eth_getBalance
[2026/03/21 10:18:25.918] - eth_getTransactionCount
[2026/03/21 10:18:25.920] - eth_getBalance
[2026/03/21 10:18:25.923] - eth_getTransactionCount
[2026/03/21 10:18:25.924] - eth_getBalance
[2026/03/21 10:18:25.926] - eth_getTransactionCount
[2026/03/21 10:18:25.928] - eth_getBalance
[2026/03/21 10:18:25.930] - eth_getTransactionCount
[2026/03/21 10:18:25.932] - eth_getBalance
[2026/03/21 10:18:25.934] - eth_getTransactionCount
[2026/03/21 10:18:25.936] - eth_getBalance
[2026/03/21 10:18:25.938] - eth_getTransactionCount
[2026/03/21 10:18:25.940] - eth_getBalance
[2026/03/21 10:18:25.941] - eth_getTransactionCount
[2026/03/21 10:18:25.943] - eth_getBalance
[2026/03/21 10:18:25.946] - eth_getTransactionCount
[2026/03/21 10:18:25.948] - eth_getBalance
[2026/03/21 10:18:25.950] - eth_getTransactionCount
[2026/03/21 10:18:25.952] - eth_getBalance
[2026/03/21 10:18:25.953] - eth_getTransactionCount
[2026/03/21 10:18:25.955] - eth_getBalance
[2026/03/21 10:18:25.957] - eth_getTransactionCount
[2026/03/21 10:18:25.959] - eth_getBalance
[2026/03/21 10:18:25.961] - eth_getTransactionCount
[2026/03/21 10:18:25.963] - eth_getBalance
[2026/03/21 10:18:25.964] - eth_getTransactionCount
[2026/03/21 10:18:26.017] - eth_getBalance
[2026/03/21 10:18:26.022] - eth_getTransactionCount
[2026/03/21 10:18:26.024] - eth_getBalance
[2026/03/21 10:18:26.028] - eth_getTransactionCount
[2026/03/21 10:18:26.030] - eth_getBalance
[2026/03/21 10:18:26.032] - eth_getTransactionCount
[2026/03/21 10:18:26.034] - eth_getBalance
[2026/03/21 10:18:26.036] - eth_getTransactionCount
[2026/03/21 10:18:26.040] - eth_getBalance
[2026/03/21 10:18:26.040] - eth_getTransactionCount
[2026/03/21 10:18:26.043] - eth_getBalance
[2026/03/21 10:18:26.045] - eth_getTransactionCount
[2026/03/21 10:18:26.046] - eth_getBalance
[2026/03/21 10:18:26.051] - eth_getTransactionCount
[2026/03/21 10:18:26.053] - eth_getBalance
[2026/03/21 10:18:26.058] - eth_getTransactionCount
[2026/03/21 10:18:26.058] - eth_getBalance
[2026/03/21 10:18:26.060] - eth_getTransactionCount
[2026/03/21 10:18:26.061] - eth_getBalance
[2026/03/21 10:18:26.063] - eth_getTransactionCount
[2026/03/21 10:18:26.065] - eth_getBalance
[2026/03/21 10:18:26.068] - eth_getTransactionCount
[2026/03/21 10:18:26.070] - eth_getBalance
[2026/03/21 10:18:26.073] - eth_getTransactionCount
[2026/03/21 10:18:26.075] - eth_getBalance
[2026/03/21 10:18:26.077] - eth_getTransactionCount
[2026/03/21 10:18:26.079] - eth_getBalance
[2026/03/21 10:18:26.081] - eth_getTransactionCount
[2026/03/21 10:18:26.083] - eth_getBalance
[2026/03/21 10:18:26.084] - eth_getTransactionCount
[2026/03/21 10:18:26.086] - eth_getBalance
[2026/03/21 10:18:26.088] - eth_getTransactionCount
[2026/03/21 10:18:26.090] - eth_getBalance
[2026/03/21 10:18:26.092] - eth_getTransactionCount
[2026/03/21 10:18:26.094] - eth_getBalance
[2026/03/21 10:18:26.096] - eth_getTransactionCount
[2026/03/21 10:18:26.097] - eth_getBalance
[2026/03/21 10:18:26.099] - eth_getTransactionCount
[2026/03/21 10:18:26.101] - eth_getBalance
[2026/03/21 10:18:26.103] - eth_getTransactionCount
[2026/03/21 10:20:59.873] - eth_chainId
[2026/03/21 10:20:59.875] - eth_chainId
[2026/03/21 10:20:59.886] - eth_chainId
[2026/03/21 10:20:59.889] - eth_chainId
[2026/03/21 10:20:59.894] - eth_chainId
[2026/03/21 10:20:59.898] - eth_getBalance
[2026/03/21 10:20:59.902] - eth_chainId
[2026/03/21 10:20:59.904] - eth_gasPrice
[2026/03/21 10:20:59.926] - eth_blockNumber
[2026/03/21 10:20:59.928] - eth_chainId
[2026/03/21 10:20:59.935] - eth_chainId
[2026/03/21 10:20:59.940] - eth_chainId
[2026/03/21 10:20:59.943] - eth_gasPrice
[2026/03/21 10:20:59.945] - eth_getBlockByNumber
[2026/03/21 10:20:59.949] - eth_estimateGas
[2026/03/21 10:21:00.026] - eth_getTransactionCount
[2026/03/21 10:21:00.031] - eth_chainId
[2026/03/21 10:21:00.104] - eth_sendRawTransaction
[2026/03/21 10:22:09.302] - eth_chainId
[2026/03/21 10:22:09.303] - eth_chainId
[2026/03/21 10:22:09.313] - eth_chainId
[2026/03/21 10:22:09.317] - eth_chainId
[2026/03/21 10:22:09.322] - eth_chainId
[2026/03/21 10:22:09.327] - eth_getBalance
[2026/03/21 10:22:09.332] - eth_chainId
[2026/03/21 10:22:09.335] - eth_gasPrice
[2026/03/21 10:22:09.350] - eth_blockNumber
[2026/03/21 10:22:09.353] - eth_chainId
[2026/03/21 10:22:09.356] - eth_chainId
[2026/03/21 10:22:09.361] - eth_chainId
[2026/03/21 10:22:09.363] - eth_gasPrice
[2026/03/21 10:22:09.364] - eth_getBlockByNumber
[2026/03/21 10:22:09.366] - eth_estimateGas
[2026/03/21 10:22:09.421] - eth_getTransactionCount
[2026/03/21 10:22:09.424] - eth_chainId
[2026/03/21 10:22:09.503] - eth_sendRawTransaction
[2026/03/21 10:22:09.540] - 
  Transaction: 0x7a106c2ad37f3ac57abd7451b871405758d40d1672005cf93969bcffc3adb2c4
  Contract created: 0xca8f41b1f518cc30f278d1c77f363f842b882dff
  Gas usage: 1095716
  Block number: 5
  Block time: Sat Mar 21 2026 10:22:09 GMT+0530 (India Standard Time)

[2026/03/21 10:22:09.544] - eth_chainId
[2026/03/21 10:22:09.547] - eth_getTransactionByHash
[2026/03/21 10:22:09.548] - eth_getBlockByNumber
[2026/03/21 10:22:09.556] - eth_chainId
[2026/03/21 10:22:09.558] - eth_getTransactionReceipt
[2026/03/21 10:22:09.559] - eth_getBalance
[2026/03/21 10:22:09.566] - eth_getTransactionCount
[2026/03/21 10:22:09.570] - eth_getBalance
[2026/03/21 10:22:09.571] - eth_chainId
[2026/03/21 10:22:09.572] - eth_getTransactionCount
[2026/03/21 10:22:09.575] - eth_getBalance
[2026/03/21 10:22:09.576] - eth_chainId
[2026/03/21 10:22:09.578] - eth_gasPrice
[2026/03/21 10:22:09.579] - eth_getBlockByNumber
[2026/03/21 10:22:09.579] - eth_getTransactionCount
[2026/03/21 10:22:09.581] - eth_estimateGas
[2026/03/21 10:22:09.583] - eth_getBalance
[2026/03/21 10:22:09.584] - eth_getTransactionCount
[2026/03/21 10:22:09.587] - eth_getBalance
[2026/03/21 10:22:09.592] - eth_getTransactionCount
[2026/03/21 10:22:09.594] - eth_getBalance
[2026/03/21 10:22:09.597] - eth_getTransactionCount
[2026/03/21 10:22:09.599] - eth_getBalance
[2026/03/21 10:22:09.601] - eth_getTransactionCount
[2026/03/21 10:22:09.602] - eth_getTransactionCount
[2026/03/21 10:22:09.604] - eth_getBalance
[2026/03/21 10:22:09.607] - eth_getTransactionCount
[2026/03/21 10:22:09.608] - eth_sendRawTransaction
[2026/03/21 10:22:09.612] - eth_getBalance
[2026/03/21 10:22:09.613] - eth_getTransactionCount
[2026/03/21 10:22:09.616] - eth_getBalance
[2026/03/21 10:22:09.618] - eth_getTransactionCount
[2026/03/21 10:22:09.620] - 
  Transaction: 0xb990289a7c543ae768e768930e351a875a2c4aeb47497c76d114cd559f7459f5
  Contract created: 0x5438e2a6a06f031a552eb7936dc9449b8a665528
  Gas usage: 411336
  Block number: 6
  Block time: Sat Mar 21 2026 10:22:09 GMT+0530 (India Standard Time)

[2026/03/21 10:22:09.623] - eth_getBlockByNumber
[2026/03/21 10:22:09.624] - eth_chainId
[2026/03/21 10:22:09.626] - eth_getTransactionByHash
[2026/03/21 10:22:09.631] - eth_chainId
[2026/03/21 10:22:09.633] - eth_getTransactionReceipt
[2026/03/21 10:22:09.644] - eth_chainId
[2026/03/21 10:22:09.648] - eth_chainId
[2026/03/21 10:22:09.650] - eth_gasPrice
[2026/03/21 10:22:09.650] - eth_getBlockByNumber
[2026/03/21 10:22:09.652] - eth_estimateGas
[2026/03/21 10:22:09.663] - eth_getBalance
[2026/03/21 10:22:09.666] - eth_getTransactionCount
[2026/03/21 10:22:09.668] - eth_getBalance
[2026/03/21 10:22:09.670] - eth_getTransactionCount
[2026/03/21 10:22:09.674] - eth_getBalance
[2026/03/21 10:22:09.678] - eth_getTransactionCount
[2026/03/21 10:22:09.678] - eth_getBalance
[2026/03/21 10:22:09.682] - eth_getTransactionCount
[2026/03/21 10:22:09.683] - eth_getBalance
[2026/03/21 10:22:09.686] - eth_getTransactionCount
[2026/03/21 10:22:09.692] - eth_getBalance
[2026/03/21 10:22:09.694] - eth_getTransactionCount
[2026/03/21 10:22:09.696] - eth_getBalance
[2026/03/21 10:22:09.698] - eth_getTransactionCount
[2026/03/21 10:22:09.699] - eth_getTransactionCount
[2026/03/21 10:22:09.701] - eth_getBalance
[2026/03/21 10:22:09.704] - eth_getTransactionCount
[2026/03/21 10:22:09.706] - eth_getBalance
[2026/03/21 10:22:09.707] - eth_sendRawTransaction
[2026/03/21 10:22:09.709] - eth_getTransactionCount
[2026/03/21 10:22:09.731] - 
  Transaction: 0x9b46679bbc9af18bf989d11971666f9631e5bdfbe2cfd6c9af9cf199849c1a21
  Contract created: 0xdb2d3362884d1c881eab02e4c9492db6d267f156
  Gas usage: 1479797
  Block number: 7
  Block time: Sat Mar 21 2026 10:22:09 GMT+0530 (India Standard Time)

[2026/03/21 10:22:09.734] - eth_getBlockByNumber
[2026/03/21 10:22:09.734] - eth_chainId
[2026/03/21 10:22:09.736] - eth_getTransactionByHash
[2026/03/21 10:22:09.743] - eth_chainId
[2026/03/21 10:22:09.744] - eth_getTransactionReceipt
[2026/03/21 10:22:09.752] - eth_chainId
[2026/03/21 10:22:09.755] - eth_chainId
[2026/03/21 10:22:09.757] - eth_gasPrice
[2026/03/21 10:22:09.758] - eth_getBlockByNumber
[2026/03/21 10:22:09.760] - eth_estimateGas
[2026/03/21 10:22:09.783] - eth_getBalance
[2026/03/21 10:22:09.783] - eth_getTransactionCount
[2026/03/21 10:22:09.789] - eth_getBalance
[2026/03/21 10:22:09.793] - eth_getTransactionCount
[2026/03/21 10:22:09.795] - eth_getBalance
[2026/03/21 10:22:09.797] - eth_getTransactionCount
[2026/03/21 10:22:09.797] - eth_getBalance
[2026/03/21 10:22:09.799] - eth_getTransactionCount
[2026/03/21 10:22:09.801] - eth_getBalance
[2026/03/21 10:22:09.803] - eth_getTransactionCount
[2026/03/21 10:22:09.807] - eth_getBalance
[2026/03/21 10:22:09.809] - eth_getTransactionCount
[2026/03/21 10:22:09.810] - eth_getBalance
[2026/03/21 10:22:09.811] - eth_getTransactionCount
[2026/03/21 10:22:09.813] - eth_getBalance
[2026/03/21 10:22:09.815] - eth_getTransactionCount
[2026/03/21 10:22:09.818] - eth_getBalance
[2026/03/21 10:22:09.820] - eth_getTransactionCount
[2026/03/21 10:22:09.821] - eth_getBalance
[2026/03/21 10:22:09.824] - eth_getTransactionCount
[2026/03/21 10:22:09.826] - eth_getBalance
[2026/03/21 10:22:09.827] - eth_getTransactionCount
[2026/03/21 10:22:09.829] - eth_getBalance
[2026/03/21 10:22:09.831] - eth_getTransactionCount
[2026/03/21 10:22:09.833] - eth_getBalance
[2026/03/21 10:22:09.836] - eth_getTransactionCount
[2026/03/21 10:22:09.839] - eth_getBalance
[2026/03/21 10:22:09.842] - eth_getTransactionCount
[2026/03/21 10:22:09.843] - eth_getBalance
[2026/03/21 10:22:09.844] - eth_getTransactionCount
[2026/03/21 10:22:09.850] - eth_getBalance
[2026/03/21 10:22:09.852] - eth_getTransactionCount
[2026/03/21 10:22:09.853] - eth_getBalance
[2026/03/21 10:22:09.856] - eth_getTransactionCount
[2026/03/21 10:22:09.857] - eth_getBalance
[2026/03/21 10:22:09.858] - eth_getTransactionCount
[2026/03/21 10:22:09.862] - eth_getBalance
[2026/03/21 10:22:09.863] - eth_getTransactionCount
[2026/03/21 10:22:09.865] - eth_getBalance
[2026/03/21 10:22:09.867] - eth_getTransactionCount
[2026/03/21 10:22:09.890] - eth_getTransactionCount
[2026/03/21 10:22:09.897] - eth_sendRawTransaction
[2026/03/21 10:22:09.911] - 
  Transaction: 0x9bbe0dacd81538d27f08285ae8821179d17bac5e8608b94b1e1a0eecfdf72825
  Gas usage: 26020
  Block number: 8
  Block time: Sat Mar 21 2026 10:22:09 GMT+0530 (India Standard Time)

[2026/03/21 10:22:09.914] - eth_getBlockByNumber
[2026/03/21 10:22:09.917] - eth_chainId
[2026/03/21 10:22:09.919] - eth_getTransactionByHash
[2026/03/21 10:22:09.923] - eth_chainId
[2026/03/21 10:22:09.925] - eth_getTransactionReceipt
[2026/03/21 10:22:09.932] - eth_chainId
[2026/03/21 10:22:09.934] - eth_call
[2026/03/21 10:22:09.945] - eth_chainId
[2026/03/21 10:22:09.947] - eth_call
[2026/03/21 10:22:09.954] - eth_getTransactionCount
[2026/03/21 10:22:09.956] - eth_blockNumber
[2026/03/21 10:22:09.956] - eth_getBalance
[2026/03/21 10:22:09.957] - eth_chainId
[2026/03/21 10:22:09.958] - eth_getTransactionCount
[2026/03/21 10:22:09.960] - eth_getBalance
[2026/03/21 10:22:09.962] - eth_getTransactionCount
[2026/03/21 10:22:09.964] - eth_getBalance
[2026/03/21 10:22:09.965] - eth_getTransactionCount
[2026/03/21 10:22:09.967] - eth_getBalance
[2026/03/21 10:22:09.969] - eth_getTransactionCount
[2026/03/21 10:22:09.970] - eth_getBalance
[2026/03/21 10:22:09.972] - eth_getTransactionCount
[2026/03/21 10:22:09.974] - eth_getBalance
[2026/03/21 10:22:09.978] - eth_getTransactionCount
[2026/03/21 10:22:09.979] - eth_getBalance
[2026/03/21 10:22:09.981] - eth_getTransactionCount
[2026/03/21 10:22:09.984] - eth_getBalance
[2026/03/21 10:22:09.986] - eth_getTransactionCount
[2026/03/21 10:22:09.987] - eth_getBalance
[2026/03/21 10:22:09.990] - eth_getTransactionCount
[2026/03/21 10:22:09.992] - eth_getTransactionCount
[2026/03/21 10:22:09.993] - eth_getBalance
[2026/03/21 10:22:09.995] - eth_getTransactionCount
[2026/03/21 10:22:09.997] - eth_getBalance
[2026/03/21 10:22:09.999] - eth_getTransactionCount
[2026/03/21 10:22:10.001] - eth_getBalance
[2026/03/21 10:22:10.004] - eth_getTransactionCount
[2026/03/21 10:22:10.007] - eth_getBalance
[2026/03/21 10:22:10.008] - eth_getTransactionCount
[2026/03/21 10:22:10.010] - eth_getBalance
[2026/03/21 10:22:10.011] - eth_getTransactionCount
[2026/03/21 10:22:10.013] - eth_getBalance
[2026/03/21 10:22:10.015] - eth_getTransactionCount
[2026/03/21 10:22:10.016] - eth_getBalance
[2026/03/21 10:22:10.017] - eth_getTransactionCount
[2026/03/21 10:22:10.019] - eth_getBalance
[2026/03/21 10:22:10.021] - eth_getTransactionCount
[2026/03/21 10:22:10.023] - eth_getBalance
[2026/03/21 10:22:10.025] - eth_getTransactionCount
[2026/03/21 10:22:10.215] - eth_getBalance
[2026/03/21 10:22:10.216] - eth_getBalance
[2026/03/21 10:22:10.218] - eth_getTransactionCount
[2026/03/21 10:22:10.220] - eth_getBalance
[2026/03/21 10:22:10.221] - eth_getTransactionCount
[2026/03/21 10:22:10.223] - eth_getBalance
[2026/03/21 10:22:10.225] - eth_getTransactionCount
[2026/03/21 10:22:10.227] - eth_getBalance
[2026/03/21 10:22:10.228] - eth_getTransactionCount
[2026/03/21 10:22:10.230] - eth_getBalance
[2026/03/21 10:22:10.232] - eth_getTransactionCount
[2026/03/21 10:22:10.233] - eth_getBalance
[2026/03/21 10:22:10.235] - eth_getTransactionCount
[2026/03/21 10:22:10.238] - eth_getBalance
[2026/03/21 10:22:10.240] - eth_getTransactionCount
[2026/03/21 10:22:10.242] - eth_getBalance
[2026/03/21 10:22:10.244] - eth_getTransactionCount
[2026/03/21 10:22:10.246] - eth_getBalance
[2026/03/21 10:22:10.247] - eth_getTransactionCount
[2026/03/21 10:25:22.531] - eth_chainId
[2026/03/21 10:25:22.534] - eth_getTransactionCount
[2026/03/21 10:25:22.535] - eth_estimateGas
[2026/03/21 10:25:51.700] - eth_chainId
[2026/03/21 10:25:51.702] - eth_getTransactionCount
[2026/03/21 10:25:51.703] - eth_estimateGas
[2026/03/21 10:26:43.243] - eth_chainId
[2026/03/21 10:26:43.243] - eth_chainId
[2026/03/21 10:26:43.257] - eth_chainId
[2026/03/21 10:26:43.272] - eth_blockNumber
[2026/03/21 10:26:43.273] - eth_chainId
[2026/03/21 10:26:43.278] - eth_chainId
[2026/03/21 10:26:43.281] - eth_estimateGas
[2026/03/21 10:26:43.301] - eth_getBlockByNumber
[2026/03/21 10:26:43.305] - eth_gasPrice
[2026/03/21 10:26:43.310] - eth_getTransactionCount
[2026/03/21 10:26:43.314] - eth_chainId
[2026/03/21 10:26:43.382] - eth_sendRawTransaction
[2026/03/21 10:26:43.391] - 
  Transaction: 0x08e3e5f815e03cee25f7fe1c3c5591f575537f73c0e52776c7e626cce26e23e1
  Contract created: 0x42633d6709ba541ba3a4a86a4a2a20dbbf43ae97
  Gas usage: 286433
  Block number: 9
  Block time: Sat Mar 21 2026 10:26:43 GMT+0530 (India Standard Time)

[2026/03/21 10:26:43.394] - eth_getBlockByNumber
[2026/03/21 10:26:43.395] - eth_chainId
[2026/03/21 10:26:43.396] - eth_getTransactionByHash
[2026/03/21 10:26:43.398] - eth_getBalance
[2026/03/21 10:26:43.400] - eth_getTransactionCount
[2026/03/21 10:26:43.402] - eth_getBalance
[2026/03/21 10:26:43.403] - eth_chainId
[2026/03/21 10:26:43.404] - eth_getTransactionReceipt
[2026/03/21 10:26:43.405] - eth_getTransactionCount
[2026/03/21 10:26:43.408] - eth_getBalance
[2026/03/21 10:26:43.411] - eth_chainId
[2026/03/21 10:26:43.411] - eth_getTransactionCount
[2026/03/21 10:26:43.413] - eth_estimateGas
[2026/03/21 10:26:43.415] - eth_getBalance
[2026/03/21 10:26:43.420] - eth_getTransactionCount
[2026/03/21 10:26:43.420] - eth_getBalance
[2026/03/21 10:26:43.427] - eth_getTransactionCount
[2026/03/21 10:26:43.429] - eth_getBalance
[2026/03/21 10:26:43.433] - eth_getTransactionCount
[2026/03/21 10:26:43.437] - eth_getBalance
[2026/03/21 10:26:43.437] - eth_getTransactionCount
[2026/03/21 10:26:43.442] - eth_getBalance
[2026/03/21 10:26:43.443] - eth_gasPrice
[2026/03/21 10:26:43.446] - eth_getTransactionCount
[2026/03/21 10:26:43.448] - eth_getTransactionCount
[2026/03/21 10:26:43.450] - eth_getBalance
[2026/03/21 10:26:43.454] - eth_getTransactionCount
[2026/03/21 10:26:43.457] - eth_getBalance
[2026/03/21 10:26:43.460] - eth_getTransactionCount
[2026/03/21 10:26:43.461] - eth_sendRawTransaction
[2026/03/21 10:26:43.472] - 
  Transaction: 0x3d0f08660d328736be694b437a811c389a102b916158a31a834235871a5ce21e
  Contract created: 0x9668d8d69b03935e3e4bd20835fee5539a3336c2
  Gas usage: 411336
  Block number: 10
  Block time: Sat Mar 21 2026 10:26:43 GMT+0530 (India Standard Time)

[2026/03/21 10:26:43.474] - eth_getBlockByNumber
[2026/03/21 10:26:43.476] - eth_chainId
[2026/03/21 10:26:43.477] - eth_getTransactionByHash
[2026/03/21 10:26:43.484] - eth_chainId
[2026/03/21 10:26:43.486] - eth_getTransactionReceipt
[2026/03/21 10:26:43.526] - eth_getBalance
[2026/03/21 10:26:43.529] - eth_getTransactionCount
[2026/03/21 10:26:43.532] - eth_getBalance
[2026/03/21 10:26:43.537] - eth_getTransactionCount
[2026/03/21 10:26:43.540] - eth_getBalance
[2026/03/21 10:26:43.543] - eth_getTransactionCount
[2026/03/21 10:26:43.545] - eth_getTransactionCount
[2026/03/21 10:26:43.546] - eth_getBalance
[2026/03/21 10:26:43.550] - eth_getTransactionCount
[2026/03/21 10:26:43.551] - eth_getBalance
[2026/03/21 10:26:43.553] - eth_getTransactionCount
[2026/03/21 10:26:43.556] - eth_getBalance
[2026/03/21 10:26:43.558] - eth_getTransactionCount
[2026/03/21 10:26:43.560] - eth_getBalance
[2026/03/21 10:26:43.562] - eth_getTransactionCount
[2026/03/21 10:26:43.564] - eth_getBalance
[2026/03/21 10:26:43.566] - eth_getTransactionCount
[2026/03/21 10:42:25.372] - eth_getBlockByNumber
[2026/03/21 10:42:25.395] - eth_getTransactionReceipt
[2026/03/21 10:42:25.407] - eth_getBlockByNumber
[2026/03/21 10:42:25.416] - eth_getTransactionReceipt
[2026/03/21 10:42:25.428] - eth_getBlockByNumber
[2026/03/21 10:42:25.436] - eth_getTransactionReceipt
[2026/03/21 10:42:25.445] - eth_getBlockByNumber
[2026/03/21 10:42:25.454] - eth_getTransactionReceipt
[2026/03/21 10:42:25.464] - eth_getBlockByNumber
[2026/03/21 10:42:25.472] - eth_getTransactionReceipt
[2026/03/21 10:42:25.480] - eth_getBlockByNumber
[2026/03/21 10:42:25.488] - eth_getTransactionReceipt
[2026/03/21 10:42:25.495] - eth_getBlockByNumber
[2026/03/21 10:42:25.502] - eth_getTransactionReceipt
[2026/03/21 10:42:25.509] - eth_getBlockByNumber
[2026/03/21 10:42:25.517] - eth_getTransactionReceipt
[2026/03/21 10:42:25.524] - eth_getBlockByNumber
[2026/03/21 10:42:25.530] - eth_getTransactionReceipt
[2026/03/21 10:42:25.536] - eth_getBlockByNumber
[2026/03/21 10:42:25.543] - eth_getTransactionReceipt
[2026/03/21 10:42:25.552] - eth_getBlockByNumber
[2026/03/21 10:42:27.632] - eth_getBlockByNumber
[2026/03/21 10:42:27.645] - eth_getBlockTransactionCountByHash
[2026/03/21 10:42:27.652] - eth_getBlockByNumber
[2026/03/21 10:42:27.661] - eth_getBlockTransactionCountByHash
[2026/03/21 10:42:27.673] - eth_getBlockByNumber
[2026/03/21 10:42:27.680] - eth_getBlockTransactionCountByHash
[2026/03/21 10:42:27.686] - eth_getBlockByNumber
[2026/03/21 10:42:27.692] - eth_getBlockTransactionCountByHash
[2026/03/21 10:42:27.698] - eth_getBlockByNumber
[2026/03/21 10:42:27.703] - eth_getBlockTransactionCountByHash
[2026/03/21 10:42:27.708] - eth_getBlockByNumber
[2026/03/21 10:42:27.721] - eth_getBlockTransactionCountByHash
[2026/03/21 10:42:27.739] - eth_getBlockByNumber
[2026/03/21 10:42:27.751] - eth_getBlockTransactionCountByHash
[2026/03/21 10:42:27.760] - eth_getBlockByNumber
[2026/03/21 10:42:27.770] - eth_getBlockTransactionCountByHash
[2026/03/21 10:42:27.780] - eth_getBlockByNumber
[2026/03/21 10:42:27.789] - eth_getBlockTransactionCountByHash
[2026/03/21 10:42:27.797] - eth_getBlockByNumber
[2026/03/21 10:42:27.804] - eth_getBlockTransactionCountByHash
[2026/03/21 10:42:27.810] - eth_getBlockByNumber
[2026/03/21 10:42:27.816] - eth_getBlockTransactionCountByHash
